============================================================
  Lazarus Local AI Engine ù Test Suite
============================================================

[1] Testing Natural Language Query...
python : Traceback 
(most recent call 
last):
At line:1 char:1
+ python test_ai.py > 
test_output.txt 2>&1; 
Get-Content 
test_output.txt
+ ~~~~~~~~~~~~~~~~~~~~
~~~~~~~~~~~~~~~~~~~~
    + CategoryInfo    
          : NotSpeci  
  fied: (Traceback    
 (most recent call    
 last)::String) [    
], RemoteExceptio    n
    + FullyQualifiedE 
   rrorId : NativeCo  
  mmandError
 
  File "C:\Users\athar
\Desktop\Coding\Lazaru
s_V2\test_ai.py", 
line 42, in <module>
    print(f"    
\u2705 Query returned 
{len(result)} 
characters")
    ~~~~~^^^^^^^^^^^^^
^^^^^^^^^^^^^^^^^^^^^^
^^^^^^^^^^^^^^^^
  File "C:\Program Fil
es\Python314\Lib\encod
ings\cp1252.py", line 
19, in encode
    return codecs.char
map_encode(input,self.
errors,encoding_table)
[0]
           ~~~~~~~~~~~
~~~~~~~~~~^^^^^^^^^^^^
^^^^^^^^^^^^^^^^^^^^^^
UnicodeEncodeError: 
'charmap' codec can't 
encode character 
'\u2705' in position 
4: character maps to 
<undefined>
